// Jest Snapshot v1, https://goo.gl/fbAQLP

exports[`<HideShowPassword /> renders correctly 1`] = `
<button
  class="button button"
  data-testid="hide-show-password-button"
  id="hide-show-password"
>
  <svg-icon-stub
    class="h-5 w-5"
    data-testid="hidden-eye-icon"
    name="eye-hidden"
  />
   
  <svg-icon-stub
    class="h-5 w-5"
    data-testid="visible-eye-icon"
    name="eye-visible"
    style="display: none;"
  />
</button>
`;
