// Jest Snapshot v1, https://goo.gl/fbAQLP

exports[`<ProfileAboutCard /> renders correctly 1`] = `
<div
  class="profile-about-card"
>
  <div
    class="border-b border-gray-300"
  >
    <h2
      class="text-xl font-bold"
    >
      About
    </h2>
  </div>
   
  <div>
    <p
      class="text-black"
    >
      Lorem ipsum dolor sit amet, consectetur adipiscing elit. Sed eget dapibus libero. Morbi ultricies varius accumsan.
    </p>
     
    <div
      class="mt-5"
    >
      <div
        class="social-button--container"
      >
        <a
          alt="Discord"
          class="social-button"
          href="https://discord.com/"
        >
          
    dscrd
  
        </a>
        <a
          alt="Twitch"
          class="social-button"
          href="https://twitch.tv/"
        >
          
    twch
  
        </a>
        <a
          alt="Twitter"
          class="social-button"
          href="https://twitter.com/"
        >
          
    twtr
  
        </a>
        <a
          alt="Youtube"
          class="social-button"
          href="https://youtube.com/"
        >
          
    yt
  
        </a>
      </div>
    </div>
  </div>
</div>
`;
