// Jest Snapshot v1, https://goo.gl/fbAQLP

exports[`<SiteNavbar /> renders correctly 1`] = `
<div
  class="site-navbar"
>
  <div
    class="site-navbar__wrapper"
  >
    <div
      class="site-logo"
    >
      <a
        class="site-navbar__homelink"
        href="/"
      >
        <svg-icon-stub
          class="mx-1 w-10 h-10"
          name="clock"
        />
         
        <h1>
          leaderboards.gg
        </h1>
      </a>
    </div>
     
    <div
      class="mobile-menu hidden"
    >
      <nav
        class="nav-link-container"
      >
        <a
          class="button-link nav-link"
          href=""
          name="Games"
          to="#"
        >
          
    Games
  
        </a>
        <a
          class="button-link nav-link"
          href=""
          name="About"
          to="#"
        >
          
    About
  
        </a>
      </nav>
       
      <div
        class="search-bar"
      >
        <input
          data-testid="search-input"
          name="search"
          placeholder="search..."
        />
         
        <button
          data-testid="search-button"
          type="button"
        >
          <svg-icon-stub
            name="search"
          />
        </button>
      </div>
    </div>
     
    <div
      class="mobile-navbar"
    >
      <button
        class="button login-button"
        data-testid="site-navbar-login-button"
      >
        
  Log In

      </button>
       
      <button
        class="button sign-up-button"
        data-testid="site-navbar-sign-up-button"
      >
        
  Sign Up

      </button>
       
      <!---->
       
      <button
        class="mobile-menu__toggle"
      >
        <svg-icon-stub
          class="mx-2 w-5 h-5 fill-current"
          name="menu"
        />
      </button>
    </div>
  </div>
   
  <transition-stub
    enteractiveclass="transition-opacity duration-200"
    enterclass="opacity-0"
    entertoclass="opacity-100"
    leaveactiveclass="transition-opacity duration-200"
    leaveclass="opacity-100"
    leavetoclass="opacity-0"
  >
    <div
      class="modal"
      style="display: none;"
    >
      <div
        class="modal__wrapper"
      >
        <div
          class="modal__container"
        >
          <div
            class="modal-fade"
          />
           
          <div
            class="modal__content"
          >
            <div
              class="card login-card shadow-xl"
              data-testid="login-card"
              id="loginCard"
              style="display: none;"
            >
              <div
                class="card-header login-card__header"
              >
                <div
                  class="login-card__title"
                >
                  Log In
                </div>
                 
                <button
                  class="button login-card__sign-up-button"
                  id="sign-up-button"
                >
                  
      Sign Up
    
                </button>
                 
                <button
                  class="button close-button"
                >
                  <svg-icon-stub
                    class="w-5 h-5"
                    name="close"
                  />
                </button>
              </div>
               
              <div
                class="card-body"
              >
                <div
                  class="login-card__body-wrapper"
                >
                  <input
                    autocomplete="email"
                    class="input"
                    name="email"
                    placeholder="Email"
                    type="text"
                  />
                   
                  <div
                    class="login-card__input-wrapper"
                  >
                    <input
                      autocomplete="password"
                      class="input login-card__password-field"
                      name="password"
                      placeholder="Password"
                      type="password"
                    />
                     
                    <div
                      class="login-card__button-wrapper"
                    >
                      <button
                        class="button button"
                        data-testid="hide-show-password-button"
                        id="hide-show-button"
                        type="button"
                      >
                        <svg-icon-stub
                          class="w-5 h-5"
                          data-testid="hidden-eye-icon"
                          name="eye-hidden"
                        />
                         
                        <svg-icon-stub
                          class="w-5 h-5"
                          data-testid="visible-eye-icon"
                          name="eye-visible"
                          style="display: none;"
                        />
                      </button>
                    </div>
                  </div>
                   
                  <button
                    class="button login-button"
                  >
                     Log In 
                  </button>
                </div>
                 
                <div
                  class="login-card__auth-buttons"
                >
                  <button
                    class="button login-button"
                  >
                    <svg-icon-stub
                      class="mr-2 w-5 h-5"
                      name="github"
                    />
                     
                    <p>
                      Log In with Github
                    </p>
                  </button>
                   
                  <button
                    class="button login-button"
                  >
                    <svg-icon-stub
                      class="mr-2 w-5 h-5"
                      name="google"
                    />
                     
                    <p>
                      Log In with Google
                    </p>
                  </button>
                </div>
              </div>
            </div>
             
            <div
              class="card signup-card shadow-xl"
              data-testid="sign-up-card"
              id="signUpCard"
            >
              <div
                class="card-header signup-card__header"
              >
                <button
                  class="button signup-card__login-button"
                  id="login-button"
                >
                  
      Log In
    
                </button>
                 
                <div
                  class="signup-card__title"
                >
                  Sign Up
                </div>
                 
                <button
                  class="button close-button"
                >
                  <svg-icon-stub
                    class="w-5 h-5"
                    name="close"
                  />
                </button>
              </div>
               
              <div
                class="signup-card__content"
              >
                <div
                  class="signup-card__content-wrapper"
                >
                  <input
                    autocomplete="email"
                    class="input"
                    name="email"
                    placeholder="Email"
                    type="text"
                  />
                   
                  <div
                    class="signup-card__input-wrapper"
                  >
                    <input
                      autocomplete="nickname"
                      class="input"
                      name="username"
                      placeholder="Username"
                      type="text"
                    />
                     
                    <p>
                      This can be changed later
                    </p>
                  </div>
                   
                  <div
                    class="signup-card__input-wrapper"
                  >
                    <div
                      class="signup-card__password-wrapper"
                    >
                      <input
                        autocomplete="password"
                        class="input signup-card__password-field"
                        name="password"
                        placeholder="Password"
                        type="password"
                      />
                       
                      <input
                        autocomplete="password"
                        class="input signup-card__password-field"
                        name="passwordConfirm"
                        placeholder="Confirm"
                        type="password"
                      />
                       
                      <button
                        class="button button"
                        data-testid="hide-show-password-button"
                        id="hide-show-password"
                        type="button"
                      >
                        <svg-icon-stub
                          class="w-5 h-5"
                          data-testid="hidden-eye-icon"
                          name="eye-hidden"
                        />
                         
                        <svg-icon-stub
                          class="w-5 h-5"
                          data-testid="visible-eye-icon"
                          name="eye-visible"
                          style="display: none;"
                        />
                      </button>
                    </div>
                     
                    <p>
                      * Must be 8 characters with a mix of letters and numbers
                    </p>
                  </div>
                   
                  <button
                    class="button signup-button"
                  >
                     Sign Up 
                  </button>
                </div>
                 
                <div
                  class="signup-card__auth-buttons"
                >
                  <button
                    class="button signup-button"
                  >
                    <svg-icon-stub
                      class="mr-2 w-5 h-5"
                      name="github"
                    />
                     
                    <p>
                      Sign Up with Github
                    </p>
                  </button>
                   
                  <button
                    class="button signup-button"
                  >
                    <svg-icon-stub
                      class="mr-2 w-5 h-5"
                      name="google"
                    />
                     
                    <p>
                      Sign Up with Google
                    </p>
                  </button>
                </div>
              </div>
            </div>
          </div>
        </div>
      </div>
    </div>
  </transition-stub>
</div>
`;
