// Jest Snapshot v1, https://goo.gl/fbAQLP

exports[`<SiteFooter /> renders correctly 1`] = `
<div
  class="site-footer"
>
  <p
    class="site-footer__copyright"
  >
    Copyright 2021
  </p>
   
  <select
    class="language-selector site-footer__language-selector"
    data-testid="language-selector"
    role="listbox"
  >
    <option
      value="en"
    >
      
    English
  
    </option>
    <option
      value="es"
    >
      
    Spanish
  
    </option>
    <option
      value="fr"
    >
      
    French
  
    </option>
  </select>
</div>
`;
