// Jest Snapshot v1, https://goo.gl/fbAQLP

exports[`<SocialButtons /> renders correctly 1`] = `
<div
  class="social-button--container"
>
  <a
    alt="Discord"
    class="social-button"
    href="https://discord.com/"
  >
    
    dscrd
  
  </a>
  <a
    alt="Twitch"
    class="social-button"
    href="https://twitch.tv/johnsmithruns"
  >
    
    twch
  
  </a>
  <a
    alt="Twitter"
    class="social-button"
    href="https://twitter.com/johnsmithruns"
  >
    
    twtr
  
  </a>
</div>
`;
