// Jest Snapshot v1, https://goo.gl/fbAQLP

exports[`<ProfileHeader /> renders correctly 1`] = `
<div
  class="profile-header"
>
  <div
    class="profile-banner"
  >
    <img
      alt="profile banner"
      src="https://via.placeholder.com/885x120"
    />
  </div>
   
  <div
    class="profile-info-container"
  >
    <div
      class="profile-info"
    >
      <div
        class="profile-info--header"
      >
        <div
          class="profile-info--user-activity md:hidden"
        >
          <p>
            <span
              class="font-semibold"
            >
              Runs: 
            </span>
            42
          </p>
           
          <p>
            <span
              class="font-semibold"
            >
              Games: 
            </span>
            6
          </p>
        </div>
         
        <div
          class="profile-info--picture-container"
        >
          <img
            alt="profile picture"
            src="https://via.placeholder.com/120"
          />
        </div>
         
        <div
          class="profile-info--user-badges md:hidden"
        >
          <div
            badges=""
            class="user-badges--container"
          />
        </div>
      </div>
       
      <div
        class="profile-info--user-bio"
      >
        <h1
          class="text-2xl font-semibold"
        >
          JohnSmithRuns
        </h1>
         
        <h2
          class="text-sm text-black text-opacity-50"
        >
          Olympus Mons, Mars
        </h2>
         
        <p
          class="text-black text-opacity-50 pt-2 md:hidden"
        >
          Lorem ipsum dolor sit amet, consectetur adipiscing elit. Sed eget dapibus libero. Morbi ultricies varius accumsan.
        </p>
      </div>
       
      <div
        class="profile-info--follow"
      >
        <button
          class="follow-button"
        >
          
  Follow

        </button>
      </div>
       
      <div
        class="profile-info--user-activity hidden md:grid"
      >
        <p>
          <span
            class="font-semibold"
          >
            Runs: 
          </span>
          42
        </p>
         
        <p>
          <span
            class="font-semibold"
          >
            Games: 
          </span>
          6
        </p>
      </div>
       
      <div
        class="profile-info--socials md:hidden"
      >
        <div
          class="social-button--container"
        >
          <a
            alt="Discord"
            class="social-button"
            href="https://discord.com/"
          >
            
    dscrd
  
          </a>
          <a
            alt="Twitch"
            class="social-button"
            href="https://twitch.tv/"
          >
            
    twch
  
          </a>
          <a
            alt="Twitter"
            class="social-button"
            href="https://twitter.com/"
          >
            
    twtr
  
          </a>
          <a
            alt="Youtube"
            class="social-button"
            href="https://youtube.com/"
          >
            
    yt
  
          </a>
        </div>
      </div>
    </div>
  </div>
</div>
`;
