// Jest Snapshot v1, https://goo.gl/fbAQLP

exports[`<UserActivity /> renders correctly 1`] = `
<div
  class="profile-info--user-activity"
>
  <p>
    <span
      class="font-semibold"
    >
      Runs: 
    </span>
    42
  </p>
   
  <p>
    <span
      class="font-semibold"
    >
      Games: 
    </span>
    6
  </p>
</div>
`;
