// Jest Snapshot v1, https://goo.gl/fbAQLP

exports[`<Run /> renders correctly 1`] = `
<div
  class="run"
>
  <div
    class="run__wrapper"
  >
    <div
      class="run__standing"
    >
      <svg-icon-stub
        data-testid="trophy-icon"
        name="trophy"
      />
       
      <p>
        1st
      </p>
    </div>
     
    <p>
      JohnSmithRuns
    </p>
  </div>
   
  <div
    class="run__info"
  >
    <p>
      01:23:45
    </p>
     
    <div
      class="hidden flex-row md:flex md:grow"
    >
      <p>
        PC
      </p>
    </div>
     
    <div
      class="flex flex-row gap-x-5 justify-end items-center opacity-75 md:opacity-100"
    >
      <p>
        1 year ago
      </p>
       
      <svg-icon-stub
        name="video"
      />
    </div>
  </div>
</div>
`;
