// Jest Snapshot v1, https://goo.gl/fbAQLP

exports[`<Run /> renders correctly 1`] = `
<div
  class="run"
>
  <div
    class="run__wrapper"
  >
    <div
      class="run__standing"
    >
      <svg-icon
        data-testid="trophy-icon"
        name="trophy"
      />
       
      <p>
        1st
      </p>
    </div>
     
    <p>
      JohnSmithRuns
    </p>
  </div>
   
  <div
    class="run__info"
  >
    <p>
      01:23:45
    </p>
     
    <div
      class="hidden md:flex flex-row md:flex-grow"
    >
      <p>
        PC
      </p>
    </div>
     
    <div
      class="flex flex-row opacity-75 gap-x-5 md:opacity-100 justify-end items-center"
    >
      <p>
        1 year ago
      </p>
       
      <svg-icon
        name="video"
      />
    </div>
  </div>
</div>
`;
