// Jest Snapshot v1, https://goo.gl/fbAQLP

exports[`<NavLinks /> renders correctly 1`] = `
<nav
  class="nav-link-container"
>
  <a
    class="button-link nav-link"
    href="/"
    name="Home"
    to="/"
  >
    
    Home
  
  </a>
  <a
    class="button-link nav-link"
    href="/about"
    name="About"
    to="/about"
  >
    
    About
  
  </a>
  <a
    class="button-link nav-link"
    href="/contact"
    name="Contact"
    to="/contact"
  >
    
    Contact
  
  </a>
</nav>
`;
